
 RUN  v5.0.0 /private/tmp/headstate-8-release-gate

stderr | src/components/ReadyStrip.test.tsx > ReadyStrip ordering > keeps the provider-reconciled wire fixture ordered until positive evidence supersedes it
An update to ReadyStrip inside a test was not wrapped in act(...).

When testing, code that causes React state updates should be wrapped into act(...):

act(() => {
  /* fire events that update state */
});
/* assert on the output */

This ensures that you're testing the behavior the user would see in the browser. Learn more at https://react.dev/link/wrap-tests-with-act
An update to ReadyStrip inside a test was not wrapped in act(...).

When testing, code that causes React state updates should be wrapped into act(...):

act(() => {
  /* fire events that update state */
});
/* assert on the output */

This ensures that you're testing the behavior the user would see in the browser. Learn more at https://react.dev/link/wrap-tests-with-act

---------·-------------------------------------------------------

 Test Files  1 passed (1)
      Tests  1 passed | 64 skipped (65)
   Start at  20:14:07
   Duration  990ms (environment 57%, import 32%, tests 6%, worker 3%, transform 1%)

