VITE_TARGET=mobile yarn build
vite v8.2.2 building client environment for production...
transforming...
✓ 3336 modules transformed.
rendering chunks...
computing gzip size...
dist/assets/tsx-atUztniK.js                                    0.51 kB
dist/assets/json-B02E3pk2.js                                   0.56 kB
dist/assets/diff-CnVbg4kZ.js                                   0.70 kB
dist/assets/ini-_H0-Wnh8.js                                    0.71 kB
dist/assets/clike-BFiq8qGV.js                                  0.81 kB
dist/assets/makefile-C7Vj606s.js                               1.05 kB
dist/assets/toml-shH6cMOm.js                                   1.06 kB
dist/assets/go-BLCkNezA.js                                     1.11 kB
dist/assets/css-BLUnUyF9.js                                    1.34 kB
dist/assets/typescript-D0b6fi7X.js                             1.47 kB
dist/assets/highlight.worker-BK4Ta-QO.js                       1.63 kB
dist/assets/docker-C_eDFnUW.js                                 1.66 kB
dist/assets/c-DHd_tEu3.js                                      2.01 kB
dist/assets/yaml-n53w1Kfi.js                                   2.09 kB
dist/assets/kotlin-B5nylkmN.js                                 2.09 kB
dist/assets/python-PcNiIBxw.js                                 2.21 kB
dist/assets/rust-CYWeblTv.js                                   2.58 kB
dist/assets/jsx-DZGoucDl.js                                    2.62 kB
dist/assets/graphql-yR0KZn6_.js                                2.63 kB
dist/assets/cpp-C0uqdbWu.js                                    2.75 kB
dist/index.html                                                2.84 kB │ gzip:   1.43 kB
dist/assets/java-BDj7lQ6i.js                                   2.93 kB
dist/assets/markup-DIMtiCEn.js                                 2.97 kB
dist/assets/swift-7bJ1Hzvg.js                                  3.04 kB
dist/assets/sql-DL4klaVE.js                                    3.36 kB
dist/assets/ruby-CVmOBnyP.js                                   3.72 kB
dist/assets/javascript-D_gjRb2v.js                             4.80 kB
dist/assets/markdown-BvJFkhnO.js                               5.13 kB
dist/assets/bash-4sOSYtlG.js                                   6.26 kB
dist/assets/csharp-DcdJxRs7.js                                 6.53 kB
dist/assets/geist-cyrillic-ext-wght-normal-DjL33-gN.woff2      7.42 kB
dist/assets/geist-vietnamese-wght-normal-6IgcOCM7.woff2        8.00 kB
dist/assets/geist-cyrillic-wght-normal-BEAKL7Jp.woff2         15.08 kB
dist/assets/geist-latin-ext-wght-normal-DC-KSUi6.woff2        16.51 kB
dist/assets/geist-latin-wght-normal-BgDaEnEv.woff2            29.40 kB
dist/assets/core-D_r_UH6v.js                                  58.88 kB
dist/assets/index-B4paF0yC.css                               112.33 kB │ gzip:  19.86 kB
dist/assets/rolldown-runtime-hePW80VL.js                       0.71 kB │ gzip:   0.42 kB
dist/assets/ClaudePluginsPage-BHXbwM1l.js                     18.25 kB │ gzip:   4.98 kB │ map:    61.73 kB
dist/assets/BarChart-D3tXjVhz.js                              20.37 kB │ gzip:   6.88 kB │ map:    87.20 kB
dist/assets/ClaudeOverviewPage-CBm9w2dj.js                    22.58 kB │ gzip:   6.60 kB │ map:   106.53 kB
dist/assets/SystemHealthPage-BPyYCZXI.js                      60.66 kB │ gzip:  15.33 kB │ map:   268.82 kB
dist/assets/ProviderStatsPage-COczO11A.js                     78.15 kB │ gzip:  20.74 kB │ map:   333.01 kB
dist/assets/chart-OT4Gu7R_.js                                340.68 kB │ gzip: 100.13 kB │ map: 1,744.60 kB
dist/assets/QueryError-DdR58up9.js                           357.44 kB │ gzip: 107.01 kB │ map: 1,770.51 kB
dist/assets/index-D99MlJON.js                              1,308.46 kB │ gzip: 384.17 kB │ map: 5,871.55 kB

✓ built in 1.37s
[plugin builtin:vite-reporter] 
(!) Some chunks are larger than 500 kB after minification. Consider:
- Using dynamic import() to code-split the application
- Use build.rolldownOptions.output.codeSplitting to improve chunking: https://rolldown.rs/reference/OutputOptions.codeSplitting
- Adjust chunk size limit for this warning via build.chunkSizeWarningLimit.
